test/highlight-fixtures/operators_and_laws.clapse
    pattern: 46, capture: 17 - keyword, start: (0, 0), end: (0, 6), text: `infixl`
    pattern: 75, capture: 17 - keyword, start: (0, 0), end: (0, 6), text: `infixl`
    pattern:  2, capture: 2 - constant.numeric.integer, start: (0, 7), end: (0, 8), text: `1`
    pattern: 47, capture: 2 - constant.numeric.integer, start: (0, 7), end: (0, 8), text: `1`
    pattern: 50, capture: 18 - keyword.operator, start: (0, 9), end: (0, 12), text: `>>=`
    pattern: 70, capture: 18 - keyword.operator, start: (0, 9), end: (0, 12), text: `>>=`
    pattern: 74, capture: 18 - keyword.operator, start: (0, 13), end: (0, 14), text: `=`
    pattern: 48, capture: 4 - function, start: (0, 15), end: (0, 19), text: `bind`
    pattern: 46, capture: 17 - keyword, start: (1, 0), end: (1, 6), text: `infixl`
    pattern: 75, capture: 17 - keyword, start: (1, 0), end: (1, 6), text: `infixl`
    pattern:  2, capture: 2 - constant.numeric.integer, start: (1, 7), end: (1, 8), text: `4`
    pattern: 47, capture: 2 - constant.numeric.integer, start: (1, 7), end: (1, 8), text: `4`
    pattern: 50, capture: 18 - keyword.operator, start: (1, 9), end: (1, 12), text: `<$>`
    pattern: 70, capture: 18 - keyword.operator, start: (1, 9), end: (1, 12), text: `<$>`
    pattern: 74, capture: 18 - keyword.operator, start: (1, 13), end: (1, 14), text: `=`
    pattern: 48, capture: 4 - function, start: (1, 15), end: (1, 19), text: `fmap`
    pattern: 46, capture: 17 - keyword, start: (2, 0), end: (2, 6), text: `infixl`
    pattern: 75, capture: 17 - keyword, start: (2, 0), end: (2, 6), text: `infixl`
    pattern:  2, capture: 2 - constant.numeric.integer, start: (2, 7), end: (2, 8), text: `4`
    pattern: 47, capture: 2 - constant.numeric.integer, start: (2, 7), end: (2, 8), text: `4`
    pattern: 50, capture: 18 - keyword.operator, start: (2, 9), end: (2, 12), text: `<*>`
    pattern: 70, capture: 18 - keyword.operator, start: (2, 9), end: (2, 12), text: `<*>`
    pattern: 74, capture: 18 - keyword.operator, start: (2, 13), end: (2, 14), text: `=`
    pattern: 48, capture: 4 - function, start: (2, 15), end: (2, 17), text: `ap`
    pattern: 75, capture: 17 - keyword, start: (4, 0), end: (4, 5), text: `class`
    pattern: 28, capture: 11 - type.definition, start: (4, 6), end: (4, 13), text: `Functor`
    pattern: 75, capture: 17 - keyword, start: (4, 16), end: (4, 21), text: `where`
    pattern: 30, capture: 15 - function.method, start: (5, 2), end: (5, 6), text: `fmap`
    pattern: 74, capture: 18 - keyword.operator, start: (5, 7), end: (5, 8), text: `:`
    pattern: 32, capture: 7 - type, start: (5, 8), end: (5, 31), text: ` (a -> b) -> f a -> f b`
    pattern: 75, capture: 17 - keyword, start: (6, 0), end: (6, 3), text: `law`
    pattern: 37, capture: 7 - type, start: (6, 4), end: (6, 11), text: `Functor`
    pattern: 38, capture: 16 - property, start: (6, 12), end: (6, 20), text: `identity`
    pattern: 74, capture: 18 - keyword.operator, start: (6, 21), end: (6, 22), text: `=`
    pattern: 51, capture: 4 - function, start: (6, 23), end: (6, 27), text: `fmap`
    pattern: 75, capture: 17 - keyword, start: (8, 0), end: (8, 5), text: `class`
    pattern: 28, capture: 11 - type.definition, start: (8, 6), end: (8, 17), text: `Applicative`
    pattern: 75, capture: 17 - keyword, start: (8, 20), end: (8, 25), text: `where`
    pattern: 30, capture: 15 - function.method, start: (9, 2), end: (9, 6), text: `pure`
    pattern: 74, capture: 18 - keyword.operator, start: (9, 7), end: (9, 8), text: `:`
    pattern: 32, capture: 7 - type, start: (9, 8), end: (9, 17), text: ` a -> f a`
    pattern: 30, capture: 15 - function.method, start: (10, 2), end: (10, 4), text: `ap`
    pattern: 74, capture: 18 - keyword.operator, start: (10, 5), end: (10, 6), text: `:`
    pattern: 32, capture: 7 - type, start: (10, 6), end: (10, 31), text: ` f (a -> b) -> f a -> f b`
    pattern: 75, capture: 17 - keyword, start: (11, 0), end: (11, 3), text: `law`
    pattern: 37, capture: 7 - type, start: (11, 4), end: (11, 15), text: `Applicative`
    pattern: 38, capture: 16 - property, start: (11, 16), end: (11, 27), text: `composition`
    pattern: 74, capture: 18 - keyword.operator, start: (11, 28), end: (11, 29), text: `=`
    pattern: 51, capture: 4 - function, start: (11, 30), end: (11, 32), text: `ap`
    pattern: 73, capture: 9 - punctuation.bracket, start: (11, 33), end: (11, 34), text: `(`
    pattern: 51, capture: 4 - function, start: (11, 34), end: (11, 36), text: `ap`
    pattern: 73, capture: 9 - punctuation.bracket, start: (11, 37), end: (11, 38), text: `(`
    pattern: 51, capture: 4 - function, start: (11, 38), end: (11, 40), text: `ap`
    pattern: 73, capture: 9 - punctuation.bracket, start: (11, 41), end: (11, 42), text: `(`
    pattern: 51, capture: 4 - function, start: (11, 42), end: (11, 46), text: `pure`
    pattern: 73, capture: 9 - punctuation.bracket, start: (11, 54), end: (11, 55), text: `)`
    pattern: 73, capture: 9 - punctuation.bracket, start: (11, 57), end: (11, 58), text: `)`
    pattern: 73, capture: 9 - punctuation.bracket, start: (11, 60), end: (11, 61), text: `)`
    pattern: 51, capture: 4 - function, start: (11, 67), end: (11, 69), text: `ap`
    pattern: 73, capture: 9 - punctuation.bracket, start: (11, 72), end: (11, 73), text: `(`
    pattern: 51, capture: 4 - function, start: (11, 73), end: (11, 75), text: `ap`
    pattern: 73, capture: 9 - punctuation.bracket, start: (11, 79), end: (11, 80), text: `)`
