test/highlight-fixtures/operators.clapse
    pattern: 52, capture: 17 - keyword, start: (0, 0), end: (0, 6), text: `infixl`
    pattern: 80, capture: 17 - keyword, start: (0, 0), end: (0, 6), text: `infixl`
    pattern:  2, capture: 2 - constant.numeric.integer, start: (0, 7), end: (0, 8), text: `6`
    pattern: 53, capture: 2 - constant.numeric.integer, start: (0, 7), end: (0, 8), text: `6`
    pattern: 55, capture: 18 - keyword.operator, start: (0, 9), end: (0, 12), text: `+.#`
    pattern: 75, capture: 18 - keyword.operator, start: (0, 9), end: (0, 12), text: `+.#`
    pattern:  2, capture: 2 - constant.numeric.integer, start: (0, 18), end: (0, 21), text: `100`
    pattern: 12, capture: 9 - punctuation.bracket, start: (1, 0), end: (1, 1), text: `#`
    pattern: 12, capture: 9 - punctuation.bracket, start: (1, 1), end: (1, 2), text: `[`
    pattern: 11, capture: 8 - attribute, start: (1, 2), end: (1, 6), text: `test`
    pattern:  1, capture: 1 - string, start: (1, 7), end: (1, 14), text: `"bench"`
    pattern: 14, capture: 1 - string, start: (1, 7), end: (1, 14), text: `"bench"`
    pattern: 12, capture: 9 - punctuation.bracket, start: (1, 14), end: (1, 15), text: `]`
    pattern:  7, capture: 4 - function, start: (2, 0), end: (2, 11), text: `add_or_zero`
    pattern:  8, capture: 6 - variable.parameter, start: (2, 12), end: (2, 13), text: `x`
    pattern:  8, capture: 6 - variable.parameter, start: (2, 14), end: (2, 15), text: `y`
    pattern: 79, capture: 18 - keyword.operator, start: (3, 2), end: (3, 3), text: `|`
    pattern: 56, capture: 4 - function, start: (3, 4), end: (3, 6), text: `eq`
    pattern:  2, capture: 2 - constant.numeric.integer, start: (3, 9), end: (3, 10), text: `0`
    pattern: 76, capture: 18 - keyword.operator, start: (3, 10), end: (3, 13), text: ` = `
    pattern:  2, capture: 2 - constant.numeric.integer, start: (3, 13), end: (3, 14), text: `0`
    pattern: 79, capture: 18 - keyword.operator, start: (4, 2), end: (4, 3), text: `|`
    pattern: 84, capture: 17 - keyword, start: (4, 4), end: (4, 13), text: `otherwise`
    pattern: 76, capture: 18 - keyword.operator, start: (4, 13), end: (4, 16), text: ` = `
    pattern: 58, capture: 18 - keyword.operator, start: (4, 18), end: (4, 20), text: `+.`
    pattern: 75, capture: 18 - keyword.operator, start: (4, 18), end: (4, 20), text: `+.`
