test/highlight-fixtures/prelude_regression.clapse
    pattern: 46, capture: 17 - keyword, start: (0, 0), end: (0, 6), text: `infixl`
    pattern: 75, capture: 17 - keyword, start: (0, 0), end: (0, 6), text: `infixl`
    pattern:  2, capture: 2 - constant.numeric.integer, start: (0, 7), end: (0, 8), text: `1`
    pattern: 47, capture: 2 - constant.numeric.integer, start: (0, 7), end: (0, 8), text: `1`
    pattern: 50, capture: 18 - keyword.operator, start: (0, 9), end: (0, 11), text: `>>`
    pattern: 70, capture: 18 - keyword.operator, start: (0, 9), end: (0, 11), text: `>>`
    pattern: 74, capture: 18 - keyword.operator, start: (0, 12), end: (0, 13), text: `=`
    pattern: 48, capture: 4 - function, start: (0, 14), end: (0, 20), text: `then_m`
    pattern: 46, capture: 17 - keyword, start: (1, 0), end: (1, 6), text: `infixl`
    pattern: 75, capture: 17 - keyword, start: (1, 0), end: (1, 6), text: `infixl`
    pattern:  2, capture: 2 - constant.numeric.integer, start: (1, 7), end: (1, 8), text: `3`
    pattern: 47, capture: 2 - constant.numeric.integer, start: (1, 7), end: (1, 8), text: `3`
    pattern: 50, capture: 18 - keyword.operator, start: (1, 9), end: (1, 12), text: `<|>`
    pattern: 70, capture: 18 - keyword.operator, start: (1, 9), end: (1, 12), text: `<|>`
    pattern: 74, capture: 18 - keyword.operator, start: (1, 13), end: (1, 14), text: `=`
    pattern: 48, capture: 4 - function, start: (1, 15), end: (1, 18), text: `alt`
    pattern: 46, capture: 17 - keyword, start: (2, 0), end: (2, 6), text: `infixl`
    pattern: 75, capture: 17 - keyword, start: (2, 0), end: (2, 6), text: `infixl`
    pattern:  2, capture: 2 - constant.numeric.integer, start: (2, 7), end: (2, 8), text: `4`
    pattern: 47, capture: 2 - constant.numeric.integer, start: (2, 7), end: (2, 8), text: `4`
    pattern: 50, capture: 18 - keyword.operator, start: (2, 9), end: (2, 12), text: `<$>`
    pattern: 70, capture: 18 - keyword.operator, start: (2, 9), end: (2, 12), text: `<$>`
    pattern: 74, capture: 18 - keyword.operator, start: (2, 13), end: (2, 14), text: `=`
    pattern: 48, capture: 4 - function, start: (2, 15), end: (2, 19), text: `fmap`
    pattern: 46, capture: 17 - keyword, start: (3, 0), end: (3, 6), text: `infixl`
    pattern: 75, capture: 17 - keyword, start: (3, 0), end: (3, 6), text: `infixl`
    pattern:  2, capture: 2 - constant.numeric.integer, start: (3, 7), end: (3, 8), text: `4`
    pattern: 47, capture: 2 - constant.numeric.integer, start: (3, 7), end: (3, 8), text: `4`
    pattern: 50, capture: 18 - keyword.operator, start: (3, 9), end: (3, 12), text: `<*>`
    pattern: 70, capture: 18 - keyword.operator, start: (3, 9), end: (3, 12), text: `<*>`
    pattern: 74, capture: 18 - keyword.operator, start: (3, 13), end: (3, 14), text: `=`
    pattern: 48, capture: 4 - function, start: (3, 15), end: (3, 17), text: `ap`
    pattern: 46, capture: 17 - keyword, start: (4, 0), end: (4, 6), text: `infixl`
    pattern: 75, capture: 17 - keyword, start: (4, 0), end: (4, 6), text: `infixl`
    pattern:  2, capture: 2 - constant.numeric.integer, start: (4, 7), end: (4, 8), text: `4`
    pattern: 47, capture: 2 - constant.numeric.integer, start: (4, 7), end: (4, 8), text: `4`
    pattern: 50, capture: 18 - keyword.operator, start: (4, 9), end: (4, 11), text: `<*`
    pattern: 70, capture: 18 - keyword.operator, start: (4, 9), end: (4, 11), text: `<*`
    pattern: 74, capture: 18 - keyword.operator, start: (4, 12), end: (4, 13), text: `=`
    pattern: 48, capture: 4 - function, start: (4, 14), end: (4, 23), text: `keep_left`
    pattern: 46, capture: 17 - keyword, start: (5, 0), end: (5, 6), text: `infixl`
    pattern: 75, capture: 17 - keyword, start: (5, 0), end: (5, 6), text: `infixl`
    pattern:  2, capture: 2 - constant.numeric.integer, start: (5, 7), end: (5, 8), text: `4`
    pattern: 47, capture: 2 - constant.numeric.integer, start: (5, 7), end: (5, 8), text: `4`
    pattern: 50, capture: 18 - keyword.operator, start: (5, 9), end: (5, 11), text: `*>`
    pattern: 70, capture: 18 - keyword.operator, start: (5, 9), end: (5, 11), text: `*>`
    pattern: 74, capture: 18 - keyword.operator, start: (5, 12), end: (5, 13), text: `=`
    pattern: 48, capture: 4 - function, start: (5, 14), end: (5, 24), text: `keep_right`
    pattern:  7, capture: 4 - function, start: (7, 0), end: (7, 2), text: `id`
    pattern:  8, capture: 6 - variable.parameter, start: (7, 3), end: (7, 4), text: `x`
    pattern: 74, capture: 18 - keyword.operator, start: (7, 5), end: (7, 6), text: `=`
    pattern:  7, capture: 4 - function, start: (8, 0), end: (8, 7), text: `compose`
    pattern:  8, capture: 6 - variable.parameter, start: (8, 8), end: (8, 9), text: `f`
    pattern:  8, capture: 6 - variable.parameter, start: (8, 10), end: (8, 11), text: `g`
    pattern:  8, capture: 6 - variable.parameter, start: (8, 12), end: (8, 13), text: `x`
    pattern: 74, capture: 18 - keyword.operator, start: (8, 14), end: (8, 15), text: `=`
    pattern: 51, capture: 4 - function, start: (8, 16), end: (8, 17), text: `f`
    pattern: 73, capture: 9 - punctuation.bracket, start: (8, 18), end: (8, 19), text: `(`
    pattern: 51, capture: 4 - function, start: (8, 19), end: (8, 20), text: `g`
    pattern: 73, capture: 9 - punctuation.bracket, start: (8, 22), end: (8, 23), text: `)`
    pattern:  7, capture: 4 - function, start: (9, 0), end: (9, 6), text: `then_m`
    pattern:  8, capture: 6 - variable.parameter, start: (9, 7), end: (9, 8), text: `m`
    pattern:  8, capture: 6 - variable.parameter, start: (9, 9), end: (9, 10), text: `n`
    pattern: 74, capture: 18 - keyword.operator, start: (9, 11), end: (9, 12), text: `=`
    pattern: 51, capture: 4 - function, start: (9, 13), end: (9, 17), text: `bind`
    pattern: 73, capture: 9 - punctuation.bracket, start: (9, 20), end: (9, 21), text: `(`
    pattern: 74, capture: 18 - keyword.operator, start: (9, 21), end: (9, 22), text: `\`
    pattern: 55, capture: 6 - variable.parameter, start: (9, 22), end: (9, 23), text: `_`
    pattern: 68, capture: 6 - variable.parameter, start: (9, 22), end: (9, 23), text: `_`
    pattern: 74, capture: 18 - keyword.operator, start: (9, 24), end: (9, 26), text: `->`
    pattern: 73, capture: 9 - punctuation.bracket, start: (9, 28), end: (9, 29), text: `)`
    pattern:  7, capture: 4 - function, start: (10, 0), end: (10, 9), text: `keep_left`
    pattern:  8, capture: 6 - variable.parameter, start: (10, 10), end: (10, 11), text: `u`
    pattern:  8, capture: 6 - variable.parameter, start: (10, 12), end: (10, 13), text: `v`
    pattern: 74, capture: 18 - keyword.operator, start: (10, 14), end: (10, 15), text: `=`
    pattern: 51, capture: 4 - function, start: (10, 16), end: (10, 18), text: `ap`
    pattern: 73, capture: 9 - punctuation.bracket, start: (10, 19), end: (10, 20), text: `(`
    pattern: 51, capture: 4 - function, start: (10, 20), end: (10, 24), text: `fmap`
    pattern: 73, capture: 9 - punctuation.bracket, start: (10, 25), end: (10, 26), text: `(`
    pattern: 74, capture: 18 - keyword.operator, start: (10, 26), end: (10, 27), text: `\`
    pattern: 54, capture: 6 - variable.parameter, start: (10, 27), end: (10, 28), text: `x`
    pattern: 74, capture: 18 - keyword.operator, start: (10, 29), end: (10, 31), text: `->`
    pattern: 73, capture: 9 - punctuation.bracket, start: (10, 32), end: (10, 33), text: `(`
    pattern: 74, capture: 18 - keyword.operator, start: (10, 33), end: (10, 34), text: `\`
    pattern: 55, capture: 6 - variable.parameter, start: (10, 34), end: (10, 35), text: `_`
    pattern: 68, capture: 6 - variable.parameter, start: (10, 34), end: (10, 35), text: `_`
    pattern: 74, capture: 18 - keyword.operator, start: (10, 36), end: (10, 38), text: `->`
    pattern: 73, capture: 9 - punctuation.bracket, start: (10, 40), end: (10, 41), text: `)`
    pattern: 73, capture: 9 - punctuation.bracket, start: (10, 41), end: (10, 42), text: `)`
    pattern: 73, capture: 9 - punctuation.bracket, start: (10, 44), end: (10, 45), text: `)`
    pattern:  7, capture: 4 - function, start: (11, 0), end: (11, 10), text: `keep_right`
    pattern:  8, capture: 6 - variable.parameter, start: (11, 11), end: (11, 12), text: `u`
    pattern:  8, capture: 6 - variable.parameter, start: (11, 13), end: (11, 14), text: `v`
    pattern: 74, capture: 18 - keyword.operator, start: (11, 15), end: (11, 16), text: `=`
    pattern: 51, capture: 4 - function, start: (11, 17), end: (11, 19), text: `ap`
    pattern: 73, capture: 9 - punctuation.bracket, start: (11, 20), end: (11, 21), text: `(`
    pattern: 51, capture: 4 - function, start: (11, 21), end: (11, 25), text: `fmap`
    pattern: 73, capture: 9 - punctuation.bracket, start: (11, 26), end: (11, 27), text: `(`
    pattern: 74, capture: 18 - keyword.operator, start: (11, 27), end: (11, 28), text: `\`
    pattern: 55, capture: 6 - variable.parameter, start: (11, 28), end: (11, 29), text: `_`
    pattern: 68, capture: 6 - variable.parameter, start: (11, 28), end: (11, 29), text: `_`
    pattern: 74, capture: 18 - keyword.operator, start: (11, 30), end: (11, 32), text: `->`
    pattern: 73, capture: 9 - punctuation.bracket, start: (11, 35), end: (11, 36), text: `)`
    pattern: 73, capture: 9 - punctuation.bracket, start: (11, 38), end: (11, 39), text: `)`
    pattern:  7, capture: 4 - function, start: (12, 0), end: (12, 3), text: `alt`
    pattern:  8, capture: 6 - variable.parameter, start: (12, 4), end: (12, 5), text: `a`
    pattern:  8, capture: 6 - variable.parameter, start: (12, 6), end: (12, 7), text: `b`
    pattern: 74, capture: 18 - keyword.operator, start: (12, 8), end: (12, 9), text: `=`
    pattern: 51, capture: 4 - function, start: (12, 10), end: (12, 16), text: `append`
    pattern: 75, capture: 17 - keyword, start: (14, 0), end: (14, 5), text: `class`
    pattern: 28, capture: 11 - type.definition, start: (14, 6), end: (14, 13), text: `Functor`
    pattern: 75, capture: 17 - keyword, start: (14, 16), end: (14, 21), text: `where`
    pattern: 30, capture: 15 - function.method, start: (15, 2), end: (15, 6), text: `fmap`
    pattern: 74, capture: 18 - keyword.operator, start: (15, 7), end: (15, 8), text: `:`
    pattern: 32, capture: 7 - type, start: (15, 8), end: (15, 31), text: ` (a -> b) -> f a -> f b`
    pattern: 75, capture: 17 - keyword, start: (16, 0), end: (16, 3), text: `law`
    pattern: 37, capture: 7 - type, start: (16, 4), end: (16, 11), text: `Functor`
    pattern: 38, capture: 16 - property, start: (16, 12), end: (16, 20), text: `identity`
    pattern: 74, capture: 18 - keyword.operator, start: (16, 21), end: (16, 22), text: `=`
    pattern: 51, capture: 4 - function, start: (16, 23), end: (16, 27), text: `fmap`
    pattern: 75, capture: 17 - keyword, start: (17, 0), end: (17, 3), text: `law`
    pattern: 37, capture: 7 - type, start: (17, 4), end: (17, 11), text: `Functor`
    pattern: 38, capture: 16 - property, start: (17, 12), end: (17, 23), text: `composition`
    pattern: 74, capture: 18 - keyword.operator, start: (17, 24), end: (17, 25), text: `=`
    pattern: 51, capture: 4 - function, start: (17, 26), end: (17, 30), text: `fmap`
    pattern: 73, capture: 9 - punctuation.bracket, start: (17, 33), end: (17, 34), text: `(`
    pattern: 51, capture: 4 - function, start: (17, 34), end: (17, 38), text: `fmap`
    pattern: 73, capture: 9 - punctuation.bracket, start: (17, 42), end: (17, 43), text: `)`
    pattern: 51, capture: 4 - function, start: (17, 47), end: (17, 51), text: `fmap`
    pattern: 73, capture: 9 - punctuation.bracket, start: (17, 52), end: (17, 53), text: `(`
    pattern: 51, capture: 4 - function, start: (17, 53), end: (17, 60), text: `compose`
    pattern: 73, capture: 9 - punctuation.bracket, start: (17, 64), end: (17, 65), text: `)`
    pattern: 75, capture: 17 - keyword, start: (19, 0), end: (19, 5), text: `class`
    pattern: 28, capture: 11 - type.definition, start: (19, 6), end: (19, 17), text: `Applicative`
    pattern: 75, capture: 17 - keyword, start: (19, 20), end: (19, 25), text: `where`
    pattern: 30, capture: 15 - function.method, start: (20, 2), end: (20, 6), text: `pure`
    pattern: 74, capture: 18 - keyword.operator, start: (20, 7), end: (20, 8), text: `:`
    pattern: 32, capture: 7 - type, start: (20, 8), end: (20, 17), text: ` a -> f a`
    pattern: 30, capture: 15 - function.method, start: (21, 2), end: (21, 4), text: `ap`
    pattern: 74, capture: 18 - keyword.operator, start: (21, 5), end: (21, 6), text: `:`
    pattern: 32, capture: 7 - type, start: (21, 6), end: (21, 31), text: ` f (a -> b) -> f a -> f b`
    pattern: 75, capture: 17 - keyword, start: (22, 0), end: (22, 3), text: `law`
    pattern: 37, capture: 7 - type, start: (22, 4), end: (22, 15), text: `Applicative`
    pattern: 38, capture: 16 - property, start: (22, 16), end: (22, 24), text: `identity`
    pattern: 74, capture: 18 - keyword.operator, start: (22, 25), end: (22, 26), text: `=`
    pattern: 51, capture: 4 - function, start: (22, 27), end: (22, 29), text: `ap`
    pattern: 73, capture: 9 - punctuation.bracket, start: (22, 30), end: (22, 31), text: `(`
    pattern: 51, capture: 4 - function, start: (22, 31), end: (22, 35), text: `pure`
    pattern: 73, capture: 9 - punctuation.bracket, start: (22, 38), end: (22, 39), text: `)`
    pattern: 75, capture: 17 - keyword, start: (23, 0), end: (23, 3), text: `law`
    pattern: 37, capture: 7 - type, start: (23, 4), end: (23, 15), text: `Applicative`
    pattern: 38, capture: 16 - property, start: (23, 16), end: (23, 28), text: `homomorphism`
    pattern: 74, capture: 18 - keyword.operator, start: (23, 29), end: (23, 30), text: `=`
    pattern: 51, capture: 4 - function, start: (23, 31), end: (23, 33), text: `ap`
    pattern: 73, capture: 9 - punctuation.bracket, start: (23, 34), end: (23, 35), text: `(`
    pattern: 51, capture: 4 - function, start: (23, 35), end: (23, 39), text: `pure`
    pattern: 73, capture: 9 - punctuation.bracket, start: (23, 41), end: (23, 42), text: `)`
    pattern: 73, capture: 9 - punctuation.bracket, start: (23, 43), end: (23, 44), text: `(`
    pattern: 51, capture: 4 - function, start: (23, 44), end: (23, 48), text: `pure`
    pattern: 73, capture: 9 - punctuation.bracket, start: (23, 50), end: (23, 51), text: `)`
    pattern: 51, capture: 4 - function, start: (23, 55), end: (23, 59), text: `pure`
    pattern: 73, capture: 9 - punctuation.bracket, start: (23, 60), end: (23, 61), text: `(`
    pattern: 51, capture: 4 - function, start: (23, 61), end: (23, 62), text: `f`
    pattern: 73, capture: 9 - punctuation.bracket, start: (23, 64), end: (23, 65), text: `)`
    pattern: 75, capture: 17 - keyword, start: (24, 0), end: (24, 3), text: `law`
    pattern: 37, capture: 7 - type, start: (24, 4), end: (24, 15), text: `Applicative`
    pattern: 38, capture: 16 - property, start: (24, 16), end: (24, 27), text: `interchange`
    pattern: 74, capture: 18 - keyword.operator, start: (24, 28), end: (24, 29), text: `=`
    pattern: 51, capture: 4 - function, start: (24, 30), end: (24, 32), text: `ap`
    pattern: 73, capture: 9 - punctuation.bracket, start: (24, 35), end: (24, 36), text: `(`
    pattern: 51, capture: 4 - function, start: (24, 36), end: (24, 40), text: `pure`
    pattern: 73, capture: 9 - punctuation.bracket, start: (24, 42), end: (24, 43), text: `)`
    pattern: 51, capture: 4 - function, start: (24, 47), end: (24, 49), text: `ap`
    pattern: 73, capture: 9 - punctuation.bracket, start: (24, 50), end: (24, 51), text: `(`
    pattern: 51, capture: 4 - function, start: (24, 51), end: (24, 55), text: `pure`
    pattern: 73, capture: 9 - punctuation.bracket, start: (24, 56), end: (24, 57), text: `(`
    pattern: 74, capture: 18 - keyword.operator, start: (24, 57), end: (24, 58), text: `\`
    pattern: 54, capture: 6 - variable.parameter, start: (24, 58), end: (24, 59), text: `f`
    pattern: 74, capture: 18 - keyword.operator, start: (24, 60), end: (24, 62), text: `->`
    pattern: 51, capture: 4 - function, start: (24, 63), end: (24, 64), text: `f`
    pattern: 73, capture: 9 - punctuation.bracket, start: (24, 66), end: (24, 67), text: `)`
    pattern: 73, capture: 9 - punctuation.bracket, start: (24, 67), end: (24, 68), text: `)`
    pattern: 75, capture: 17 - keyword, start: (25, 0), end: (25, 3), text: `law`
    pattern: 37, capture: 7 - type, start: (25, 4), end: (25, 15), text: `Applicative`
    pattern: 38, capture: 16 - property, start: (25, 16), end: (25, 27), text: `composition`
    pattern: 74, capture: 18 - keyword.operator, start: (25, 28), end: (25, 29), text: `=`
    pattern: 51, capture: 4 - function, start: (25, 30), end: (25, 32), text: `ap`
    pattern: 73, capture: 9 - punctuation.bracket, start: (25, 33), end: (25, 34), text: `(`
    pattern: 51, capture: 4 - function, start: (25, 34), end: (25, 36), text: `ap`
    pattern: 73, capture: 9 - punctuation.bracket, start: (25, 37), end: (25, 38), text: `(`
    pattern: 51, capture: 4 - function, start: (25, 38), end: (25, 40), text: `ap`
    pattern: 73, capture: 9 - punctuation.bracket, start: (25, 41), end: (25, 42), text: `(`
    pattern: 51, capture: 4 - function, start: (25, 42), end: (25, 46), text: `pure`
    pattern: 73, capture: 9 - punctuation.bracket, start: (25, 54), end: (25, 55), text: `)`
    pattern: 73, capture: 9 - punctuation.bracket, start: (25, 57), end: (25, 58), text: `)`
    pattern: 73, capture: 9 - punctuation.bracket, start: (25, 60), end: (25, 61), text: `)`
    pattern: 51, capture: 4 - function, start: (25, 67), end: (25, 69), text: `ap`
    pattern: 73, capture: 9 - punctuation.bracket, start: (25, 72), end: (25, 73), text: `(`
    pattern: 51, capture: 4 - function, start: (25, 73), end: (25, 75), text: `ap`
    pattern: 73, capture: 9 - punctuation.bracket, start: (25, 79), end: (25, 80), text: `)`
    pattern: 75, capture: 17 - keyword, start: (27, 0), end: (27, 4), text: `data`
    pattern: 18, capture: 11 - type.definition, start: (27, 5), end: (27, 9), text: `bool`
    pattern: 74, capture: 18 - keyword.operator, start: (27, 10), end: (27, 11), text: `=`
    pattern: 21, capture: 5 - constructor, start: (27, 12), end: (27, 16), text: `true`
    pattern: 77, capture: 19 - constant.builtin.boolean, start: (27, 12), end: (27, 16), text: `true`
    pattern:  2, capture: 2 - constant.numeric.integer, start: (27, 17), end: (27, 18), text: `1`
    pattern: 74, capture: 18 - keyword.operator, start: (27, 20), end: (27, 21), text: `|`
    pattern: 21, capture: 5 - constructor, start: (27, 22), end: (27, 27), text: `false`
    pattern: 77, capture: 19 - constant.builtin.boolean, start: (27, 22), end: (27, 27), text: `false`
    pattern:  2, capture: 2 - constant.numeric.integer, start: (27, 28), end: (27, 29), text: `0`
