test/highlight-fixtures/where_and_wildcards.clapse
    pattern: 96, capture: 17 - keyword, start: (0, 0), end: (0, 9), text: `primitive`
    pattern: 31, capture: 11 - type.definition, start: (0, 10), end: (0, 14), text: `bool`
    pattern: 95, capture: 18 - keyword.operator, start: (0, 15), end: (0, 16), text: `=`
    pattern: 33, capture: 14 - constant.builtin, start: (0, 17), end: (0, 21), text: `true`
    pattern: 98, capture: 19 - constant.builtin.boolean, start: (0, 17), end: (0, 21), text: `true`
    pattern: 34, capture: 2 - constant.numeric.integer, start: (0, 22), end: (0, 23), text: `1`
    pattern: 95, capture: 18 - keyword.operator, start: (0, 25), end: (0, 26), text: `|`
    pattern: 33, capture: 14 - constant.builtin, start: (0, 27), end: (0, 32), text: `false`
    pattern: 98, capture: 19 - constant.builtin.boolean, start: (0, 27), end: (0, 32), text: `false`
    pattern: 34, capture: 2 - constant.numeric.integer, start: (0, 33), end: (0, 34), text: `0`
    pattern: 10, capture: 6 - function, start: (2, 0), end: (2, 4), text: `drop`
    pattern: 12, capture: 8 - variable.parameter, start: (2, 5), end: (2, 6), text: `_`
    pattern: 83, capture: 8 - variable.parameter, start: (2, 5), end: (2, 6), text: `_`
    pattern: 11, capture: 8 - variable.parameter, start: (2, 7), end: (2, 8), text: `x`
    pattern: 95, capture: 18 - keyword.operator, start: (2, 9), end: (2, 10), text: `=`
    pattern: 10, capture: 6 - function, start: (3, 0), end: (3, 10), text: `keep_right`
    pattern: 11, capture: 8 - variable.parameter, start: (3, 11), end: (3, 12), text: `u`
    pattern: 11, capture: 8 - variable.parameter, start: (3, 13), end: (3, 14), text: `v`
    pattern: 95, capture: 18 - keyword.operator, start: (3, 15), end: (3, 16), text: `=`
    pattern: 66, capture: 6 - function, start: (3, 17), end: (3, 19), text: `ap`
    pattern: 94, capture: 10 - punctuation.bracket, start: (3, 20), end: (3, 21), text: `(`
    pattern: 66, capture: 6 - function, start: (3, 21), end: (3, 25), text: `fmap`
    pattern: 94, capture: 10 - punctuation.bracket, start: (3, 26), end: (3, 27), text: `(`
    pattern: 95, capture: 18 - keyword.operator, start: (3, 27), end: (3, 28), text: `\`
    pattern: 70, capture: 8 - variable.parameter, start: (3, 28), end: (3, 29), text: `_`
    pattern: 83, capture: 8 - variable.parameter, start: (3, 28), end: (3, 29), text: `_`
    pattern: 95, capture: 18 - keyword.operator, start: (3, 30), end: (3, 32), text: `->`
    pattern: 94, capture: 10 - punctuation.bracket, start: (3, 35), end: (3, 36), text: `)`
    pattern: 94, capture: 10 - punctuation.bracket, start: (3, 38), end: (3, 39), text: `)`
    pattern: 96, capture: 17 - keyword, start: (5, 0), end: (5, 5), text: `class`
    pattern: 38, capture: 11 - type.definition, start: (5, 6), end: (5, 13), text: `Boolean`
    pattern: 96, capture: 17 - keyword, start: (5, 16), end: (5, 21), text: `where`
    pattern: 40, capture: 16 - function.method, start: (6, 2), end: (6, 5), text: `and`
    pattern: 40, capture: 6 - function, start: (6, 2), end: (6, 5), text: `and`
    pattern: 95, capture: 18 - keyword.operator, start: (6, 6), end: (6, 7), text: `:`
    pattern: 42, capture: 5 - type, start: (6, 7), end: (6, 19), text: ` b -> b -> b`
    pattern: 96, capture: 17 - keyword, start: (8, 0), end: (8, 8), text: `instance`
    pattern: 52, capture: 5 - type, start: (8, 9), end: (8, 20), text: `BooleanBool`
    pattern: 56, capture: 5 - type, start: (8, 9), end: (8, 20), text: `BooleanBool`
    pattern: 95, capture: 18 - keyword.operator, start: (8, 21), end: (8, 22), text: `:`
    pattern: 54, capture: 5 - type, start: (8, 23), end: (8, 30), text: `Boolean`
    pattern: 57, capture: 16 - function.method, start: (8, 31), end: (8, 35), text: `bool`
    pattern: 57, capture: 6 - function, start: (8, 31), end: (8, 35), text: `bool`
    pattern: 59, capture: 8 - variable.parameter, start: (8, 36), end: (8, 41), text: `where`
    pattern: 59, capture: 8 - variable.parameter, start: (9, 2), end: (9, 5), text: `and`
    pattern: 95, capture: 18 - keyword.operator, start: (9, 6), end: (9, 7), text: `=`
