test/highlight-fixtures/where_and_wildcards.clapse
    pattern: 75, capture: 17 - keyword, start: (0, 0), end: (0, 4), text: `data`
    pattern: 18, capture: 11 - type.definition, start: (0, 5), end: (0, 9), text: `bool`
    pattern: 74, capture: 18 - keyword.operator, start: (0, 10), end: (0, 11), text: `=`
    pattern: 21, capture: 5 - constructor, start: (0, 12), end: (0, 16), text: `true`
    pattern: 77, capture: 19 - constant.builtin.boolean, start: (0, 12), end: (0, 16), text: `true`
    pattern:  2, capture: 2 - constant.numeric.integer, start: (0, 17), end: (0, 18), text: `1`
    pattern: 74, capture: 18 - keyword.operator, start: (0, 20), end: (0, 21), text: `|`
    pattern: 21, capture: 5 - constructor, start: (0, 22), end: (0, 27), text: `false`
    pattern: 77, capture: 19 - constant.builtin.boolean, start: (0, 22), end: (0, 27), text: `false`
    pattern:  2, capture: 2 - constant.numeric.integer, start: (0, 28), end: (0, 29), text: `0`
    pattern:  7, capture: 4 - function, start: (2, 0), end: (2, 4), text: `drop`
    pattern:  9, capture: 6 - variable.parameter, start: (2, 5), end: (2, 6), text: `_`
    pattern: 68, capture: 6 - variable.parameter, start: (2, 5), end: (2, 6), text: `_`
    pattern:  8, capture: 6 - variable.parameter, start: (2, 7), end: (2, 8), text: `x`
    pattern: 74, capture: 18 - keyword.operator, start: (2, 9), end: (2, 10), text: `=`
    pattern:  7, capture: 4 - function, start: (3, 0), end: (3, 10), text: `keep_right`
    pattern:  8, capture: 6 - variable.parameter, start: (3, 11), end: (3, 12), text: `u`
    pattern:  8, capture: 6 - variable.parameter, start: (3, 13), end: (3, 14), text: `v`
    pattern: 74, capture: 18 - keyword.operator, start: (3, 15), end: (3, 16), text: `=`
    pattern: 51, capture: 4 - function, start: (3, 17), end: (3, 19), text: `ap`
    pattern: 73, capture: 9 - punctuation.bracket, start: (3, 20), end: (3, 21), text: `(`
    pattern: 51, capture: 4 - function, start: (3, 21), end: (3, 25), text: `fmap`
    pattern: 73, capture: 9 - punctuation.bracket, start: (3, 26), end: (3, 27), text: `(`
    pattern: 74, capture: 18 - keyword.operator, start: (3, 27), end: (3, 28), text: `\`
    pattern: 55, capture: 6 - variable.parameter, start: (3, 28), end: (3, 29), text: `_`
    pattern: 68, capture: 6 - variable.parameter, start: (3, 28), end: (3, 29), text: `_`
    pattern: 74, capture: 18 - keyword.operator, start: (3, 30), end: (3, 32), text: `->`
    pattern: 73, capture: 9 - punctuation.bracket, start: (3, 35), end: (3, 36), text: `)`
    pattern: 73, capture: 9 - punctuation.bracket, start: (3, 38), end: (3, 39), text: `)`
    pattern: 75, capture: 17 - keyword, start: (5, 0), end: (5, 5), text: `class`
    pattern: 28, capture: 11 - type.definition, start: (5, 6), end: (5, 13), text: `Boolean`
    pattern: 75, capture: 17 - keyword, start: (5, 16), end: (5, 21), text: `where`
    pattern: 30, capture: 15 - function.method, start: (6, 2), end: (6, 5), text: `and`
    pattern: 74, capture: 18 - keyword.operator, start: (6, 6), end: (6, 7), text: `:`
    pattern: 32, capture: 7 - type, start: (6, 7), end: (6, 19), text: ` b -> b -> b`
    pattern: 75, capture: 17 - keyword, start: (8, 0), end: (8, 8), text: `instance`
    pattern: 40, capture: 7 - type, start: (8, 9), end: (8, 20), text: `BooleanBool`
    pattern: 74, capture: 18 - keyword.operator, start: (8, 21), end: (8, 22), text: `:`
    pattern: 42, capture: 7 - type, start: (8, 23), end: (8, 30), text: `Boolean`
    pattern: 75, capture: 17 - keyword, start: (8, 36), end: (8, 41), text: `where`
    pattern: 43, capture: 15 - function.method, start: (9, 2), end: (9, 5), text: `and`
    pattern: 74, capture: 18 - keyword.operator, start: (9, 6), end: (9, 7), text: `=`
    pattern: 45, capture: 4 - function, start: (9, 8), end: (9, 16), text: `bool_and`
